
Running `/sbin/apk add --no-cache bash git wget tmux nano screen ncurses vim curl` at 2026-02-22 03:07:27
apk-tools 3.0.3-r1, compiled for riscv64.
( 1/30) Installing ncurses-terminfo-base (6.5_p20251123-r0)
( 2/30) Installing libncursesw (6.5_p20251123-r0)
( 3/30) Installing readline (8.3.1-r0)
( 4/30) Installing bash (5.3.3-r1)
  Executing bash-5.3.3-r1.post-install
( 5/30) Installing brotli-libs (1.2.0-r0)
( 6/30) Installing c-ares (1.34.6-r0)
( 7/30) Installing libunistring (1.4.1-r0)
( 8/30) Installing libidn2 (2.3.8-r0)
( 9/30) Installing nghttp2-libs (1.68.0-r0)
(10/30) Installing nghttp3 (1.13.1-r0)
(11/30) Installing libpsl (0.21.5-r3)
(12/30) Installing zstd-libs (1.5.7-r2)
(13/30) Installing libcurl (8.17.0-r1)
(14/30) Installing curl (8.17.0-r1)
(15/30) Installing libexpat (2.7.4-r0)
(16/30) Installing pcre2 (10.47-r0)
(17/30) Installing git (2.52.0-r0)
(18/30) Installing git-init-template (2.52.0-r0)
(19/30) Installing nano (8.7-r0)
(20/30) Installing ncurses (6.5_p20251123-r0)
(21/30) Installing skalibs-libs (2.14.4.0-r0)
(22/30) Installing utmps-libs (0.1.3.1-r0)
(23/30) Installing linux-pam (1.7.1-r2)
(24/30) Installing screen (5.0.1-r0)
(25/30) Installing libevent (2.1.12-r8)
(26/30) Installing tmux (3.6-r0)
(27/30) Installing vim-common (9.1.2132-r0)
(28/30) Installing xxd (9.1.2132-r0)
(29/30) Installing vim (9.1.2132-r0)
(30/30) Installing wget (1.25.0-r2)
Executing busybox-1.37.0-r30.trigger
OK: 53.2 MiB in 46 packages
